// Jest Snapshot v1, https://goo.gl/fbAQLP

exports[`renders without crashing 1`] = `
<div
  className="container"
>
  <div
    className="row"
  >
    <div
      className="col-xs-12 col-md-6 col-lg-8"
    >
      <div
        className="col-xs-12 col-md-8 col-lg-6"
        style={
          Object {
            "padding": 0,
          }
        }
      >
        <div
          className="track-page__back-button"
        >
          <a
            href="/"
            onClick={[Function]}
            style={
              Object {
                "textDecoration": "none",
              }
            }
          >
            <button
              className="btn btn-primary btn-block btn-lg"
              style={
                Object {
                  "marginTop": 20,
                }
              }
              type="button"
            >
              <i
                className="glyphicon glyphicon-chevron-left"
              />
               Back to List
            </button>
          </a>
        </div>
      </div>
    </div>
    <div
      className="col-xs-12 col-md-6 col-lg-4"
    >
      <div />
    </div>
  </div>
</div>
`;
